#-----------------------------------------------------------
# Vivado v2018.3 (64-bit)
# SW Build 2405991 on Thu Dec  6 23:38:27 MST 2018
# IP Build 2404404 on Fri Dec  7 01:43:56 MST 2018
# Start of session at: Thu May 12 09:33:13 2022
# Process ID: 30240
# Current directory: H:/hub_repo/cs_riscv_exp/exp4/cache
# Command line: vivado.exe -gui_launcher_event rodinguilauncherevent24172 H:\hub_repo\cs_riscv_exp\exp4\cache\cache.xpr
# Log file: H:/hub_repo/cs_riscv_exp/exp4/cache/vivado.log
# Journal file: H:/hub_repo/cs_riscv_exp/exp4/cache\vivado.jou
#-----------------------------------------------------------
start_gui
open_project H:/hub_repo/cs_riscv_exp/exp4/cache/cache.xpr
update_compile_order -fileset sources_1
set_property -name {xsim.simulate.runtime} -value {50000000ns} -objects [get_filesets sim_1]
launch_simulation
open_wave_config H:/hub_repo/cs_riscv_exp/exp4/cache/cache.srcs/sim_1/imports/cache/testbench_behav.wcfg
source testbench.tcl
update_compile_order -fileset sim_1
update_compile_order -fileset sim_1
close_sim
close_project
